------------------------------------------------------------
TimeQuest Timing Analyzer Summary
------------------------------------------------------------

Type  : Slow 1100mV 85C Model Setup 'clk25'
Slack : -2.530
TNS   : -78.128

Type  : Slow 1100mV 85C Model Setup 'CLOCK_50'
Slack : -2.058
TNS   : -2.058

Type  : Slow 1100mV 85C Model Hold 'CLOCK_50'
Slack : 0.103
TNS   : 0.000

Type  : Slow 1100mV 85C Model Hold 'clk25'
Slack : 0.647
TNS   : 0.000

Type  : Slow 1100mV 85C Model Minimum Pulse Width 'CLOCK_50'
Slack : -0.842
TNS   : -1.451

Type  : Slow 1100mV 85C Model Minimum Pulse Width 'clk25'
Slack : -0.394
TNS   : -19.231

Type  : Slow 1100mV 0C Model Setup 'clk25'
Slack : -2.501
TNS   : -77.520

Type  : Slow 1100mV 0C Model Setup 'CLOCK_50'
Slack : -2.036
TNS   : -2.036

Type  : Slow 1100mV 0C Model Hold 'CLOCK_50'
Slack : 0.172
TNS   : 0.000

Type  : Slow 1100mV 0C Model Hold 'clk25'
Slack : 0.614
TNS   : 0.000

Type  : Slow 1100mV 0C Model Minimum Pulse Width 'CLOCK_50'
Slack : -0.858
TNS   : -1.508

Type  : Slow 1100mV 0C Model Minimum Pulse Width 'clk25'
Slack : -0.394
TNS   : -19.132

Type  : Fast 1100mV 85C Model Setup 'CLOCK_50'
Slack : -1.815
TNS   : -1.815

Type  : Fast 1100mV 85C Model Setup 'clk25'
Slack : -1.127
TNS   : -33.773

Type  : Fast 1100mV 85C Model Hold 'clk25'
Slack : 0.293
TNS   : 0.000

Type  : Fast 1100mV 85C Model Hold 'CLOCK_50'
Slack : 0.565
TNS   : 0.000

Type  : Fast 1100mV 85C Model Minimum Pulse Width 'CLOCK_50'
Slack : -0.739
TNS   : -1.129

Type  : Fast 1100mV 85C Model Minimum Pulse Width 'clk25'
Slack : 0.140
TNS   : 0.000

Type  : Fast 1100mV 0C Model Setup 'CLOCK_50'
Slack : -1.550
TNS   : -1.550

Type  : Fast 1100mV 0C Model Setup 'clk25'
Slack : -1.001
TNS   : -29.825

Type  : Fast 1100mV 0C Model Hold 'clk25'
Slack : 0.256
TNS   : 0.000

Type  : Fast 1100mV 0C Model Hold 'CLOCK_50'
Slack : 0.415
TNS   : 0.000

Type  : Fast 1100mV 0C Model Minimum Pulse Width 'CLOCK_50'
Slack : -0.722
TNS   : -1.103

Type  : Fast 1100mV 0C Model Minimum Pulse Width 'clk25'
Slack : 0.148
TNS   : 0.000

------------------------------------------------------------
